outer;
if {
    inner;
    inner_res;
}
else {
}
res;
